// Jest Snapshot v1, https://goo.gl/fbAQLP

exports[`Main should match snapshot 1`] = `
<div
  className="app"
>
  <Header />
  <div
    className="app-body"
  >
    <Sidebar />
    <main
      className="main main"
    >
      <div
        className="container-fluid"
      >
        <Component />
      </div>
    </main>
  </div>
  <Footer />
</div>
`;
