// Jest Snapshot v1, https://goo.gl/fbAQLP

exports[`Main app page should match its snapshot 1`] = `
<div
  className="app"
>
  <Header />
  <div
    className="app-body appBody"
  >
    <Sidebar />
    <main
      className="main mainContainer"
    >
      <Component />
    </main>
  </div>
  <Footer />
</div>
`;
