// Jest Snapshot v1, https://goo.gl/fbAQLP

exports[`Event form  match its snapshot 1`] = `
<Connect(Form(EventForm))
  destroyOnUnmount={false}
  enableReinitialize={false}
  forceUnregisterOnUnmount={false}
  form="EventsNewForm"
  getFormState={[Function]}
  keepDirtyOnReinitialize={false}
  persistentSubmitErrors={false}
  pure={true}
  shouldAsyncValidate={[Function]}
  shouldValidate={[Function]}
  touchOnBlur={true}
  touchOnChange={false}
/>
`;
